nohup: ignoring input
{"timestamp": "2026-04-24T11:38:41.647096+00:00", "level": "INFO", "logger": "simulator.core.persona_loader", "message": "Persona loaded", "event": "persona_loaded", "persona": "welder_factory", "poc_type": "worker_safety", "sensors": ["heart_rate", "skin_temperature", "posture_angle", "accel_magnitude", "accel_x", "accel_y", "accel_z"]}
{"timestamp": "2026-04-24T11:38:41.653545+00:00", "level": "INFO", "logger": "simulator.core.scenario_loader", "message": "Scenario loaded", "event": "scenario_loaded", "scenario": "fatigue_escalation", "persona": "welder_factory", "phases": 3, "events": 3, "compression": 60.0, "duration_minutes": 480.0}
{"timestamp": "2026-04-24T11:38:41.653641+00:00", "level": "INFO", "logger": "simulator.core.worker_context", "message": "Worker context threshold multiplier computed", "event": "worker_context_computed", "shift_day": 4, "effective_day": 4, "consecutive_days": 4, "recent_medical_leave": false, "threshold_multiplier": 0.82}
{"timestamp": "2026-04-24T11:38:41.653714+00:00", "level": "INFO", "logger": "simulator.engine.correlation", "message": "Correlation rules loaded", "event": "correlations_loaded", "leaders": ["accel_magnitude", "heart_rate", "posture_angle"], "followers": ["heart_rate", "skin_temperature", "accel_magnitude"], "total_rules": 3}
{"timestamp": "2026-04-24T11:38:41.664726+00:00", "level": "INFO", "logger": "simulator.rules.loader", "message": "Rules configuration loaded", "event": "rules_config_loaded", "rules_count": 7, "enabled_rules": 7, "evaluation_interval": 1.0}
{"timestamp": "2026-04-24T11:38:41.664802+00:00", "level": "INFO", "logger": "simulator.core.scenario_engine", "message": "Rules config loaded", "event": "rules_config_loaded", "path": "config/rules_config.yaml", "rules_count": 7}
{"timestamp": "2026-04-24T11:38:41.664869+00:00", "level": "INFO", "logger": "simulator.rules.engine", "message": "Rules engine initialized", "event": "rules_engine_init", "rules_count": 7, "enabled_rules": 7, "evaluation_interval": 1.0}
{"timestamp": "2026-04-24T11:38:41.665082+00:00", "level": "INFO", "logger": "simulator.core.scenario_engine", "message": "ScenarioEngine loaded", "event": "engine_loaded", "persona": "welder_factory", "scenario": "fatigue_escalation", "phases": 3, "compression": 60.0, "sensors": ["posture_angle", "heart_rate", "skin_temperature"]}
{"timestamp": "2026-04-24T11:38:41.665130+00:00", "level": "INFO", "logger": "simulator.core.scenario_engine", "message": "Compression updated", "event": "compression_updated", "compression": 10.0}
{"timestamp": "2026-04-24T11:38:41.667544+00:00", "level": "INFO", "logger": "simulator.transport.mqtt_publisher", "message": "MQTT connecting", "event": "mqtt_connecting", "host": "localhost", "port": 1883, "prefix": "iots"}
{"timestamp": "2026-04-24T11:38:41.668033+00:00", "level": "INFO", "logger": "__main__", "message": "Simulator starting", "event": "simulator_start", "persona": "personas/welder_factory.yaml", "scenario": "scenarios/worker/fatigue_escalation.yaml", "demo": true}
{"timestamp": "2026-04-24T11:38:41.668064+00:00", "level": "INFO", "logger": "simulator.transport.mqtt_publisher", "message": "MQTT connected", "event": "mqtt_connected", "host": "localhost", "port": 1883}
{"timestamp": "2026-04-24T11:38:41.668290+00:00", "level": "INFO", "logger": "simulator.rules.engine", "message": "Rules engine started", "event": "rules_engine_started"}
{"timestamp": "2026-04-24T11:38:41.668386+00:00", "level": "INFO", "logger": "simulator.core.scenario_engine", "message": "ScenarioEngine starting", "event": "engine_start", "scenario": "fatigue_escalation", "persona": "welder_factory"}
{"timestamp": "2026-04-24T11:38:41.923663+00:00", "level": "INFO", "logger": "__main__", "message": "Demo API starting", "event": "demo_api_start", "port": 8000}
{"timestamp": "2026-04-24T11:39:33.742171+00:00", "level": "INFO", "logger": "simulator.rules.engine", "message": "Rules engine stopped", "event": "rules_engine_stopped"}
{"timestamp": "2026-04-24T11:39:33.742623+00:00", "level": "INFO", "logger": "simulator.core.scenario_engine", "message": "Engine tasks cancelled", "event": "engine_cancelled"}
{"timestamp": "2026-04-24T11:39:33.742872+00:00", "level": "INFO", "logger": "simulator.core.scenario_engine", "message": "ScenarioEngine stopped", "event": "engine_stopped"}
{"timestamp": "2026-04-24T11:39:33.750189+00:00", "level": "INFO", "logger": "simulator.core.persona_loader", "message": "Persona loaded", "event": "persona_loaded", "persona": "cardiac_patient", "poc_type": "healthcare", "sensors": ["heart_rate", "spo2", "heart_rate_variability"]}
{"timestamp": "2026-04-24T11:39:33.762492+00:00", "level": "INFO", "logger": "simulator.core.scenario_loader", "message": "Scenario loaded", "event": "scenario_loaded", "scenario": "tachycardia_episode", "persona": "cardiac_patient", "phases": 4, "events": 2, "compression": 10.0, "duration_minutes": 30.0}
{"timestamp": "2026-04-24T11:39:33.762779+00:00", "level": "INFO", "logger": "simulator.engine.correlation", "message": "Correlation rules loaded", "event": "correlations_loaded", "leaders": ["heart_rate"], "followers": ["spo2", "heart_rate_variability"], "total_rules": 2}
{"timestamp": "2026-04-24T11:39:33.785799+00:00", "level": "INFO", "logger": "simulator.rules.loader", "message": "Rules configuration loaded", "event": "rules_config_loaded", "rules_count": 7, "enabled_rules": 7, "evaluation_interval": 1.0}
{"timestamp": "2026-04-24T11:39:33.785941+00:00", "level": "INFO", "logger": "simulator.core.scenario_engine", "message": "Rules config loaded", "event": "rules_config_loaded", "path": "config/rules_config.yaml", "rules_count": 7}
{"timestamp": "2026-04-24T11:39:33.786046+00:00", "level": "INFO", "logger": "simulator.rules.engine", "message": "Rules engine initialized", "event": "rules_engine_init", "rules_count": 7, "enabled_rules": 7, "evaluation_interval": 1.0}
{"timestamp": "2026-04-24T11:39:33.786938+00:00", "level": "INFO", "logger": "simulator.core.scenario_engine", "message": "ScenarioEngine loaded", "event": "engine_loaded", "persona": "cardiac_patient", "scenario": "tachycardia_episode", "phases": 4, "compression": 10.0, "sensors": ["heart_rate", "heart_rate_variability", "spo2"]}
{"timestamp": "2026-04-24T11:39:33.787076+00:00", "level": "INFO", "logger": "simulator.core.scenario_engine", "message": "ScenarioEngine reloaded", "event": "engine_reloaded", "scenario": "tachycardia_episode", "persona": "cardiac_patient"}
{"timestamp": "2026-04-24T11:39:47.698933+00:00", "level": "INFO", "logger": "simulator.rules.engine", "message": "Rules engine stopped", "event": "rules_engine_stopped"}
{"timestamp": "2026-04-24T11:39:47.699374+00:00", "level": "INFO", "logger": "simulator.core.scenario_engine", "message": "ScenarioEngine stopped", "event": "engine_stopped"}
{"timestamp": "2026-04-24T11:39:47.706444+00:00", "level": "INFO", "logger": "simulator.core.persona_loader", "message": "Persona loaded", "event": "persona_loaded", "persona": "cardiac_patient", "poc_type": "healthcare", "sensors": ["heart_rate", "spo2", "heart_rate_variability"]}
{"timestamp": "2026-04-24T11:39:47.719308+00:00", "level": "INFO", "logger": "simulator.core.scenario_loader", "message": "Scenario loaded", "event": "scenario_loaded", "scenario": "tachycardia_episode", "persona": "cardiac_patient", "phases": 4, "events": 2, "compression": 10.0, "duration_minutes": 30.0}
{"timestamp": "2026-04-24T11:39:47.719555+00:00", "level": "INFO", "logger": "simulator.engine.correlation", "message": "Correlation rules loaded", "event": "correlations_loaded", "leaders": ["heart_rate"], "followers": ["spo2", "heart_rate_variability"], "total_rules": 2}
{"timestamp": "2026-04-24T11:39:47.742982+00:00", "level": "INFO", "logger": "simulator.rules.loader", "message": "Rules configuration loaded", "event": "rules_config_loaded", "rules_count": 7, "enabled_rules": 7, "evaluation_interval": 1.0}
{"timestamp": "2026-04-24T11:39:47.743124+00:00", "level": "INFO", "logger": "simulator.core.scenario_engine", "message": "Rules config loaded", "event": "rules_config_loaded", "path": "config/rules_config.yaml", "rules_count": 7}
{"timestamp": "2026-04-24T11:39:47.743221+00:00", "level": "INFO", "logger": "simulator.rules.engine", "message": "Rules engine initialized", "event": "rules_engine_init", "rules_count": 7, "enabled_rules": 7, "evaluation_interval": 1.0}
{"timestamp": "2026-04-24T11:39:47.743465+00:00", "level": "INFO", "logger": "simulator.core.scenario_engine", "message": "ScenarioEngine loaded", "event": "engine_loaded", "persona": "cardiac_patient", "scenario": "tachycardia_episode", "phases": 4, "compression": 10.0, "sensors": ["heart_rate", "heart_rate_variability", "spo2"]}
{"timestamp": "2026-04-24T11:39:47.743605+00:00", "level": "INFO", "logger": "simulator.core.scenario_engine", "message": "ScenarioEngine reloaded", "event": "engine_reloaded", "scenario": "tachycardia_episode", "persona": "cardiac_patient"}
{"timestamp": "2026-04-24T11:40:12.218873+00:00", "level": "INFO", "logger": "simulator.core.scenario_engine", "message": "Event fired", "event": "scenario_event_fired", "event_type": "tachycardia_onset", "description": "Sudden tachycardia episode begins", "at_minute": 16.0, "duration": 20.0}
{"timestamp": "2026-04-24T11:40:12.219016+00:00", "level": "INFO", "logger": "simulator.core.scenario_engine", "message": "Manual event triggered", "event": "manual_trigger", "event_type": "tachycardia_onset"}
{"timestamp": "2026-04-24T11:40:59.800599+00:00", "level": "INFO", "logger": "simulator.core.scenario_engine", "message": "Phase transition", "event": "phase_transition", "from_phase": "resting_normal", "to_phase": "onset", "sim_minute": 12.0}
{"timestamp": "2026-04-24T11:41:23.803819+00:00", "level": "INFO", "logger": "simulator.core.scenario_engine", "message": "Phase transition", "event": "phase_transition", "from_phase": "onset", "to_phase": "tachycardia", "sim_minute": 16.0}
{"timestamp": "2026-04-24T11:41:23.804002+00:00", "level": "INFO", "logger": "simulator.core.scenario_engine", "message": "Event fired", "event": "scenario_event_fired", "event_type": "tachycardia_onset", "description": "Sudden tachycardia episode begins", "at_minute": 16.0, "duration": 20.0}
{"timestamp": "2026-04-24T11:41:59.747654+00:00", "level": "INFO", "logger": "simulator.core.scenario_engine", "message": "Event fired", "event": "scenario_event_fired", "event_type": "low_spo2", "description": "Oxygen drops during peak tachycardia", "at_minute": 22.0, "duration": 60.0}
{"timestamp": "2026-04-24T11:42:11.893343+00:00", "level": "INFO", "logger": "simulator.core.scenario_engine", "message": "Phase transition", "event": "phase_transition", "from_phase": "tachycardia", "to_phase": "recovery", "sim_minute": 24.0}
{"timestamp": "2026-04-24T11:42:47.834137+00:00", "level": "INFO", "logger": "simulator.core.scenario_engine", "message": "Scenario complete", "event": "scenario_complete", "scenario": "tachycardia_episode"}
{"timestamp": "2026-04-24T11:42:47.834338+00:00", "level": "INFO", "logger": "simulator.rules.engine", "message": "Rules engine stopped", "event": "rules_engine_stopped"}
{"timestamp": "2026-04-24T11:45:22.030238+00:00", "level": "INFO", "logger": "simulator.core.persona_loader", "message": "Persona loaded", "event": "persona_loaded", "persona": "cardiac_patient", "poc_type": "healthcare", "sensors": ["heart_rate", "spo2", "heart_rate_variability"]}
{"timestamp": "2026-04-24T11:45:22.037849+00:00", "level": "INFO", "logger": "simulator.core.scenario_loader", "message": "Scenario loaded", "event": "scenario_loaded", "scenario": "tachycardia_episode", "persona": "cardiac_patient", "phases": 4, "events": 2, "compression": 10.0, "duration_minutes": 30.0}
{"timestamp": "2026-04-24T11:45:22.037989+00:00", "level": "INFO", "logger": "simulator.engine.correlation", "message": "Correlation rules loaded", "event": "correlations_loaded", "leaders": ["heart_rate"], "followers": ["spo2", "heart_rate_variability"], "total_rules": 2}
{"timestamp": "2026-04-24T11:45:22.055169+00:00", "level": "INFO", "logger": "simulator.rules.loader", "message": "Rules configuration loaded", "event": "rules_config_loaded", "rules_count": 7, "enabled_rules": 7, "evaluation_interval": 1.0}
{"timestamp": "2026-04-24T11:45:22.055339+00:00", "level": "INFO", "logger": "simulator.core.scenario_engine", "message": "Rules config loaded", "event": "rules_config_loaded", "path": "config/rules_config.yaml", "rules_count": 7}
{"timestamp": "2026-04-24T11:45:22.055456+00:00", "level": "INFO", "logger": "simulator.rules.engine", "message": "Rules engine initialized", "event": "rules_engine_init", "rules_count": 7, "enabled_rules": 7, "evaluation_interval": 1.0}
{"timestamp": "2026-04-24T11:45:22.056001+00:00", "level": "INFO", "logger": "simulator.core.scenario_engine", "message": "ScenarioEngine loaded", "event": "engine_loaded", "persona": "cardiac_patient", "scenario": "tachycardia_episode", "phases": 4, "compression": 10.0, "sensors": ["heart_rate", "heart_rate_variability", "spo2"]}
{"timestamp": "2026-04-24T11:45:22.056160+00:00", "level": "INFO", "logger": "simulator.core.scenario_engine", "message": "ScenarioEngine reloaded", "event": "engine_reloaded", "scenario": "tachycardia_episode", "persona": "cardiac_patient"}
{"timestamp": "2026-04-24T11:45:42.509605+00:00", "level": "INFO", "logger": "simulator.core.scenario_engine", "message": "Event fired", "event": "scenario_event_fired", "event_type": "tachycardia_onset", "description": "Sudden tachycardia episode begins", "at_minute": 16.0, "duration": 20.0}
{"timestamp": "2026-04-24T11:45:42.509769+00:00", "level": "INFO", "logger": "simulator.core.scenario_engine", "message": "Manual event triggered", "event": "manual_trigger", "event_type": "tachycardia_onset"}
{"timestamp": "2026-04-24T11:46:34.111727+00:00", "level": "INFO", "logger": "simulator.core.scenario_engine", "message": "Phase transition", "event": "phase_transition", "from_phase": "resting_normal", "to_phase": "onset", "sim_minute": 12.0}
{"timestamp": "2026-04-24T11:46:58.086072+00:00", "level": "INFO", "logger": "simulator.core.scenario_engine", "message": "Event fired", "event": "scenario_event_fired", "event_type": "tachycardia_onset", "description": "Sudden tachycardia episode begins", "at_minute": 16.0, "duration": 20.0}
{"timestamp": "2026-04-24T11:46:58.187367+00:00", "level": "INFO", "logger": "simulator.core.scenario_engine", "message": "Phase transition", "event": "phase_transition", "from_phase": "onset", "to_phase": "tachycardia", "sim_minute": 16.0}
{"timestamp": "2026-04-24T11:47:02.609066+00:00", "level": "INFO", "logger": "__main__", "message": "Shutdown signal received", "event": "shutdown_signal"}
{"timestamp": "2026-04-24T11:47:02.609266+00:00", "level": "INFO", "logger": "simulator.rules.engine", "message": "Rules engine stopped", "event": "rules_engine_stopped"}
{"timestamp": "2026-04-24T11:47:02.609459+00:00", "level": "INFO", "logger": "simulator.core.scenario_engine", "message": "ScenarioEngine stopped", "event": "engine_stopped"}
{"timestamp": "2026-04-24T11:47:03.574298+00:00", "level": "INFO", "logger": "simulator.transport.mqtt_publisher", "message": "MQTT disconnected", "event": "mqtt_disconnected"}
{"timestamp": "2026-04-24T11:47:03.574617+00:00", "level": "INFO", "logger": "__main__", "message": "Simulator shutdown complete", "event": "simulator_shutdown"}
ERROR:    Traceback (most recent call last):
  File "/home/p10/Documents/projects/IOT-COE/Human-Vitals-Simulator/.venv/lib/python3.12/site-packages/starlette/routing.py", line 645, in lifespan
    await receive()
  File "/home/p10/Documents/projects/IOT-COE/Human-Vitals-Simulator/.venv/lib/python3.12/site-packages/uvicorn/lifespan/on.py", line 137, in receive
    return await self.receive_queue.get()
           ^^^^^^^^^^^^^^^^^^^^^^^^^^^^^^
  File "/usr/lib/python3.12/asyncio/queues.py", line 158, in get
    await getter
asyncio.exceptions.CancelledError

